[    0.000000] Initializing cgroup subsys cpuset
[    0.000000] Initializing cgroup subsys cpu
[    0.000000] Initializing cgroup subsys cpuacct
[    0.000000] Linux version 4.4.0-116-generic (buildd@lgw01-amd64-021) (gcc version 5.4.0 20160609 (Ubuntu 5.4.0-6ubuntu1~16.04.9) ) #140-Ubuntu SMP Mon Feb 12 21:23:04 UTC 2018 (Ubuntu 4.4.0-116.140-generic 4.4.98)
[    0.000000] Command line: BOOT_IMAGE=/boot/vmlinuz-4.4.0-116-generic root=UUID=09cea002-3bc0-41b2-81b5-2cbf8b138eb7 ro console=tty1 console=ttyS0
[    0.000000] KERNEL supported cpus:
[    0.000000]   Intel GenuineIntel
[    0.000000]   AMD AuthenticAMD
[    0.000000]   Centaur CentaurHauls
[    0.000000] x86/fpu: xstate_offset[2]:  576, xstate_sizes[2]:  256
[    0.000000] x86/fpu: Supporting XSAVE feature 0x01: 'x87 floating point registers'
[    0.000000] x86/fpu: Supporting XSAVE feature 0x02: 'SSE registers'
[    0.000000] x86/fpu: Supporting XSAVE feature 0x04: 'AVX registers'
[    0.000000] x86/fpu: Enabled xstate features 0x7, context size is 832 bytes, using 'standard' format.
[    0.000000] x86/fpu: Using 'lazy' FPU context switches.
[    0.000000] e820: BIOS-provided physical RAM map:
[    0.000000] BIOS-e820: [mem 0x0000000000000000-0x000000000009fbff] usable
[    0.000000] BIOS-e820: [mem 0x000000000009fc00-0x000000000009ffff] reserved
[    0.000000] BIOS-e820: [mem 0x00000000000f0000-0x00000000000fffff] reserved
[    0.000000] BIOS-e820: [mem 0x0000000000100000-0x000000003ffeffff] usable
[    0.000000] BIOS-e820: [mem 0x000000003fff0000-0x000000003fffffff] ACPI data
[    0.000000] BIOS-e820: [mem 0x00000000fec00000-0x00000000fec00fff] reserved
[    0.000000] BIOS-e820: [mem 0x00000000fee00000-0x00000000fee00fff] reserved
[    0.000000] BIOS-e820: [mem 0x00000000fffc0000-0x00000000ffffffff] reserved
[    0.000000] NX (Execute Disable) protection: active
[    0.000000] SMBIOS 2.5 present.
[    0.000000] Hypervisor detected: KVM
[    0.000000] e820: last_pfn = 0x3fff0 max_arch_pfn = 0x400000000
[    0.000000] MTRR: Disabled
[    0.000000] x86/PAT: MTRRs disabled, skipping PAT initialization too.
[    0.000000] CPU MTRRs all blank - virtualized system.
[    0.000000] x86/PAT: Configuration [0-7]: WB  WT  UC- UC  WB  WT  UC- UC  
[    0.000000] found SMP MP-table at [mem 0x0009fff0-0x0009ffff] mapped at [ffff88000009fff0]
[    0.000000] Scanning 1 areas for low memory corruption
[    0.000000] RAMDISK: [mem 0x3621a000-0x37104fff]
[    0.000000] ACPI: Early table checksum verification disabled
[    0.000000] ACPI: RSDP 0x00000000000E0000 000024 (v02 VBOX  )
[    0.000000] ACPI: XSDT 0x000000003FFF0030 00003C (v01 VBOX   VBOXXSDT 00000001 ASL  00000061)
[    0.000000] ACPI: FACP 0x000000003FFF00F0 0000F4 (v04 VBOX   VBOXFACP 00000001 ASL  00000061)
[    0.000000] ACPI: DSDT 0x000000003FFF0470 0021FF (v02 VBOX   VBOXBIOS 00000002 INTL 20100528)
[    0.000000] ACPI: FACS 0x000000003FFF0200 000040
[    0.000000] ACPI: FACS 0x000000003FFF0200 000040
[    0.000000] ACPI: APIC 0x000000003FFF0240 00005C (v02 VBOX   VBOXAPIC 00000001 ASL  00000061)
[    0.000000] ACPI: SSDT 0x000000003FFF02A0 0001CC (v01 VBOX   VBOXCPUT 00000002 INTL 20100528)
[    0.000000] No NUMA configuration found
[    0.000000] Faking a node at [mem 0x0000000000000000-0x000000003ffeffff]
[    0.000000] NODE_DATA(0) allocated [mem 0x3ffeb000-0x3ffeffff]
[    0.000000] kvm-clock: Using msrs 4b564d01 and 4b564d00
[    0.000000] kvm-clock: cpu 0, msr 0:3ffe3001, primary cpu clock
[    0.000000] kvm-clock: using sched offset of 3820483535 cycles
[    0.000000] clocksource: kvm-clock: mask: 0xffffffffffffffff max_cycles: 0x1cd42e4dffb, max_idle_ns: 881590591483 ns
[    0.000000] Zone ranges:
[    0.000000]   DMA      [mem 0x0000000000001000-0x0000000000ffffff]
[    0.000000]   DMA32    [mem 0x0000000001000000-0x000000003ffeffff]
[    0.000000]   Normal   empty
[    0.000000]   Device   empty
[    0.000000] Movable zone start for each node
[    0.000000] Early memory node ranges
[    0.000000]   node   0: [mem 0x0000000000001000-0x000000000009efff]
[    0.000000]   node   0: [mem 0x0000000000100000-0x000000003ffeffff]
[    0.000000] Initmem setup node 0 [mem 0x0000000000001000-0x000000003ffeffff]
[    0.000000] ACPI: PM-Timer IO Port: 0x4008
[    0.000000] IOAPIC[0]: apic_id 2, version 32, address 0xfec00000, GSI 0-23
[    0.000000] ACPI: INT_SRC_OVR (bus 0 bus_irq 0 global_irq 2 dfl dfl)
[    0.000000] ACPI: INT_SRC_OVR (bus 0 bus_irq 9 global_irq 9 high level)
[    0.000000] Using ACPI (MADT) for SMP configuration information
[    0.000000] smpboot: Allowing 2 CPUs, 0 hotplug CPUs
[    0.000000] PM: Registered nosave memory: [mem 0x00000000-0x00000fff]
[    0.000000] PM: Registered nosave memory: [mem 0x0009f000-0x0009ffff]
[    0.000000] PM: Registered nosave memory: [mem 0x000a0000-0x000effff]
[    0.000000] PM: Registered nosave memory: [mem 0x000f0000-0x000fffff]
[    0.000000] e820: [mem 0x40000000-0xfebfffff] available for PCI devices
[    0.000000] Booting paravirtualized kernel on KVM
[    0.000000] clocksource: refined-jiffies: mask: 0xffffffff max_cycles: 0xffffffff, max_idle_ns: 7645519600211568 ns
[    0.000000] setup_percpu: NR_CPUS:512 nr_cpumask_bits:512 nr_cpu_ids:2 nr_node_ids:1
[    0.000000] PERCPU: Embedded 34 pages/cpu @ffff88003fc00000 s99544 r8192 d31528 u1048576
[    0.000000] PV qspinlock hash table entries: 256 (order: 0, 4096 bytes)
[    0.000000] Built 1 zonelists in Node order, mobility grouping on.  Total pages: 257913
[    0.000000] Policy zone: DMA32
[    0.000000] Kernel command line: BOOT_IMAGE=/boot/vmlinuz-4.4.0-116-generic root=UUID=09cea002-3bc0-41b2-81b5-2cbf8b138eb7 ro console=tty1 console=ttyS0
[    0.000000] PID hash table entries: 4096 (order: 3, 32768 bytes)
[    0.000000] Memory: 997256K/1048120K available (8530K kernel code, 1309K rwdata, 3992K rodata, 1508K init, 1316K bss, 50864K reserved, 0K cma-reserved)
[    0.000000] SLUB: HWalign=64, Order=0-3, MinObjects=0, CPUs=2, Nodes=1
[    0.000000] Kernel/User page tables isolation: enabled
[    0.000000] Hierarchical RCU implementation.
[    0.000000] 	Build-time adjustment of leaf fanout to 64.
[    0.000000] 	RCU restricting CPUs from NR_CPUS=512 to nr_cpu_ids=2.
[    0.000000] RCU: Adjusting geometry for rcu_fanout_leaf=64, nr_cpu_ids=2
[    0.000000] NR_IRQS:33024 nr_irqs:440 16
[    0.000000] Console: colour VGA+ 80x25
[    0.000000] console [tty1] enabled
[    0.000000] console [ttyS0] enabled
[    0.000000] tsc: Detected 2699.998 MHz processor
[    1.481384] Calibrating delay loop (skipped) preset value.. 5399.99 BogoMIPS (lpj=10799992)
[    1.500966] pid_max: default: 32768 minimum: 301
[    1.501995] ACPI: Core revision 20150930
[    1.503744] ACPI: 2 ACPI AML tables successfully acquired and loaded
[    1.510832] Security Framework initialized
[    1.516097] Yama: becoming mindful.
[    1.527150] AppArmor: AppArmor initialized
[    1.550015] Dentry cache hash table entries: 131072 (order: 8, 1048576 bytes)
[    1.553453] Inode-cache hash table entries: 65536 (order: 7, 524288 bytes)
[    1.588734] Mount-cache hash table entries: 2048 (order: 2, 16384 bytes)
[    1.602859] Mountpoint-cache hash table entries: 2048 (order: 2, 16384 bytes)
[    1.641963] Initializing cgroup subsys io
[    1.649480] Initializing cgroup subsys memory
[    1.665361] Initializing cgroup subsys devices
[    1.673900] Initializing cgroup subsys freezer
[    1.685604] Initializing cgroup subsys net_cls
[    1.689980] Initializing cgroup subsys perf_event
[    1.698970] Initializing cgroup subsys net_prio
[    1.714530] Initializing cgroup subsys hugetlb
[    1.732912] Initializing cgroup subsys pids
[    1.752320] CPU: Physical Processor ID: 0
[    1.760416] CPU: Processor Core ID: 0
[    1.772984] FEATURE SPEC_CTRL Not Present
[    1.788816] mce: CPU supports 0 MCE banks
[    1.805600] Last level iTLB entries: 4KB 64, 2MB 8, 4MB 8
[    1.829026] Last level dTLB entries: 4KB 64, 2MB 0, 4MB 0, 1GB 4
[    1.830301] Spectre V2 mitigation: Mitigation: Full generic retpoline
[    1.850006] Spectre V2 mitigation: Speculation control IBPB not-supported IBRS not-supported
[    1.906820] Freeing SMP alternatives memory: 32K
[    1.915543] ftrace: allocating 32186 entries in 126 pages
[    2.032135] smpboot: APIC(0) Converting physical 0 to logical package 0
[    2.047211] smpboot: Max logical packages: 1
[    2.051565] x2apic enabled
[    2.053479] Switched APIC routing to physical x2apic.
[    2.058525] ..TIMER: vector=0x30 apic1=0 pin1=2 apic2=-1 pin2=-1
[    2.180556] smpboot: CPU0: Intel(R) Core(TM) i5-5257U CPU @ 2.70GHz (family: 0x6, model: 0x3d, stepping: 0x4)
[    2.217143] Performance Events: unsupported p6 CPU model 61 no PMU driver, software events only.
[    2.223816] KVM setup paravirtual spinlock
[    2.225771] x86: Booting SMP configuration:
[    2.227124] .... node  #0, CPUs:      #1
[    2.232196] kvm-clock: cpu 1, msr 0:3ffe3041, secondary cpu clock
[    2.234272] mce: CPU supports 0 MCE banks
[    2.248739] x86: Booted up 1 node, 2 CPUs
[    2.259259] smpboot: Total of 2 processors activated (10799.99 BogoMIPS)
[    2.274172] devtmpfs: initialized
[    2.281150] evm: security.selinux
[    2.283068] evm: security.SMACK64
[    2.289058] evm: security.SMACK64EXEC
[    2.300708] evm: security.SMACK64TRANSMUTE
[    2.313285] evm: security.SMACK64MMAP
[    2.319206] evm: security.ima
[    2.333824] evm: security.capability
[    2.358367] clocksource: jiffies: mask: 0xffffffff max_cycles: 0xffffffff, max_idle_ns: 7645041785100000 ns
[    2.371433] futex hash table entries: 512 (order: 3, 32768 bytes)
[    2.385148] pinctrl core: initialized pinctrl subsystem
[    2.388290] RTC time:  6:10:44, date: 03/16/18
[    2.398367] NET: Registered protocol family 16
[    2.425375] cpuidle: using governor ladder
[    2.450082] cpuidle: using governor menu
[    2.466272] PCCT header not found.
[    2.467189] ACPI: bus type PCI registered
[    2.483422] acpiphp: ACPI Hot Plug PCI Controller Driver version: 0.5
[    2.493151] PCI: Using configuration type 1 for base access
[    2.515417] ACPI: Added _OSI(Module Device)
[    2.554122] ACPI: Added _OSI(Processor Device)
[    2.555237] ACPI: Added _OSI(3.0 _SCP Extensions)
[    2.564552] ACPI: Added _OSI(Processor Aggregator Device)
[    2.566367] ACPI: Executed 1 blocks of module-level executable AML code
[    2.585088] ACPI: Interpreter enabled
[    2.586036] ACPI: (supports S0 S5)
[    2.611746] ACPI: Using IOAPIC for interrupt routing
[    2.650573] PCI: Using host bridge windows from ACPI; if necessary, use "pci=nocrs" and report a bug
[    2.662120] ACPI: PCI Root Bridge [PCI0] (domain 0000 [bus 00-ff])
[    2.675656] acpi PNP0A03:00: _OSC: OS supports [ASPM ClockPM Segments MSI]
[    2.677911] acpi PNP0A03:00: _OSC: not requesting OS control; OS requires [ExtendedConfig ASPM ClockPM MSI]
[    2.679540] acpi PNP0A03:00: fail to add MMCONFIG information, can't access extended PCI configuration space under this bridge.
[    2.681755] PCI host bridge to bus 0000:00
[    2.682499] pci_bus 0000:00: root bus resource [io  0x0000-0x0cf7 window]
[    2.683570] pci_bus 0000:00: root bus resource [io  0x0d00-0xffff window]
[    2.684713] pci_bus 0000:00: root bus resource [mem 0x000a0000-0x000bffff window]
[    2.686071] pci_bus 0000:00: root bus resource [mem 0x40000000-0xffdfffff window]
[    2.687421] pci_bus 0000:00: root bus resource [bus 00-ff]
[    2.689854] pci 0000:00:01.1: legacy IDE quirk: reg 0x10: [io  0x01f0-0x01f7]
[    2.690965] pci 0000:00:01.1: legacy IDE quirk: reg 0x14: [io  0x03f6]
[    2.692073] pci 0000:00:01.1: legacy IDE quirk: reg 0x18: [io  0x0170-0x0177]
[    2.702599] pci 0000:00:01.1: legacy IDE quirk: reg 0x1c: [io  0x0376]
[    2.804945] pci 0000:00:07.0: quirk: [io  0x4000-0x403f] claimed by PIIX4 ACPI
[    2.875972] pci 0000:00:07.0: quirk: [io  0x4100-0x410f] claimed by PIIX4 SMB
[    2.935371] ACPI: PCI Interrupt Link [LNKA] (IRQs 5 9 10 *11)
[    3.001187] ACPI: PCI Interrupt Link [LNKB] (IRQs 5 9 10 *11)
[    3.050992] ACPI: PCI Interrupt Link [LNKC] (IRQs 5 9 *10 11)
[    3.070387] ACPI: PCI Interrupt Link [LNKD] (IRQs 5 *9 10 11)
[    3.111934] ACPI: Enabled 2 GPEs in block 00 to 07
[    3.136283] vgaarb: setting as boot device: PCI:0000:00:02.0
[    3.176371] vgaarb: device added: PCI:0000:00:02.0,decodes=io+mem,owns=io+mem,locks=none
[    3.239029] vgaarb: loaded
[    3.270078] vgaarb: bridge control possible 0000:00:02.0
[    3.278471] SCSI subsystem initialized
[    3.324643] ACPI: bus type USB registered
[    3.371783] usbcore: registered new interface driver usbfs
[    3.397141] usbcore: registered new interface driver hub
[    3.445592] usbcore: registered new device driver usb
[    3.503846] PCI: Using ACPI for IRQ routing
[    3.546759] NetLabel: Initializing
[    3.568475] NetLabel:  domain hash size = 128
[    3.612249] NetLabel:  protocols = UNLABELED CIPSOv4
[    3.627925] NetLabel:  unlabeled traffic allowed by default
[    3.671484] amd_nb: Cannot enumerate AMD northbridges
[    3.717939] clocksource: Switched to clocksource kvm-clock
[    3.789976] AppArmor: AppArmor Filesystem Enabled
[    3.877329] pnp: PnP ACPI init
[    3.907928] pnp: PnP ACPI: found 3 devices
[    3.983031] clocksource: acpi_pm: mask: 0xffffff max_cycles: 0xffffff, max_idle_ns: 2085701024 ns
[    4.137197] NET: Registered protocol family 2
[    4.146355] TCP established hash table entries: 8192 (order: 4, 65536 bytes)
[    4.156796] TCP bind hash table entries: 8192 (order: 5, 131072 bytes)
[    4.233215] TCP: Hash tables configured (established 8192 bind 8192)
[    4.252432] UDP hash table entries: 512 (order: 2, 16384 bytes)
[    4.265411] UDP-Lite hash table entries: 512 (order: 2, 16384 bytes)
[    4.285964] NET: Registered protocol family 1
[    4.348881] pci 0000:00:00.0: Limiting direct PCI/PCI transfers
[    4.365881] pci 0000:00:01.0: Activating ISA DMA hang workarounds
[    4.386558] Unpacking initramfs...
[    4.693648] Freeing initrd memory: 15276K
[    4.756781] RAPL PMU detected, API unit is 2^-32 Joules, 4 fixed counters 10737418240 ms ovfl timer
[    4.887467] hw unit of domain pp0-core 2^-0 Joules
[    4.994660] hw unit of domain package 2^-0 Joules
[    5.057143] hw unit of domain dram 2^-0 Joules
[    5.067205] hw unit of domain pp1-gpu 2^-0 Joules
[    5.108518] platform rtc_cmos: registered platform RTC device (no PNP device found)
[    5.193017] Scanning for low memory corruption every 60 seconds
[    5.304248] audit: initializing netlink subsys (disabled)
[    5.381985] audit: type=2000 audit(1521180649.762:1): initialized
[    5.388573] Initialise system trusted keyring
[    5.392426] HugeTLB registered 2 MB page size, pre-allocated 0 pages
[    5.425025] zbud: loaded
[    5.429368] VFS: Disk quotas dquot_6.6.0
[    5.437907] VFS: Dquot-cache hash table entries: 512 (order 0, 4096 bytes)
[    5.453492] squashfs: version 4.0 (2009/01/31) Phillip Lougher
[    5.464097] fuse init (API version 7.23)
[    5.468092] Key type big_key registered
[    5.472128] Allocating IMA MOK and blacklist keyrings.
[    5.501662] Key type asymmetric registered
[    5.510364] Asymmetric key parser 'x509' registered
[    5.526994] Block layer SCSI generic (bsg) driver version 0.4 loaded (major 249)
[    5.547908] io scheduler noop registered
[    5.553094] io scheduler deadline registered (default)
[    5.569132] io scheduler cfq registered
[    5.580581] pci_hotplug: PCI Hot Plug PCI Core version: 0.5
[    5.613127] pciehp: PCI Express Hot Plug Controller Driver version: 0.4
[    5.630725] ACPI: AC Adapter [AC] (on-line)
[    5.685940] input: Power Button as /devices/LNXSYSTM:00/LNXPWRBN:00/input/input0
[    5.749959] ACPI: Power Button [PWRF]
[    5.751074] input: Sleep Button as /devices/LNXSYSTM:00/LNXSLPBN:00/input/input1
[    5.752758] ACPI: Sleep Button [SLPF]
[    5.753892] GHES: HEST is not enabled!
[    5.755693] ACPI: Battery Slot [BAT0] (battery present)
[    5.762083] Serial: 8250/16550 driver, 32 ports, IRQ sharing enabled
[    5.875095] 00:02: ttyS0 at I/O 0x3f8 (irq = 4, base_baud = 115200) is a 16550A
[    5.970800] Linux agpgart interface v0.103
[    6.060263] loop: module loaded
[    6.068690] scsi host0: ata_piix
[    6.094944] scsi host1: ata_piix
[    6.115256] tsc: Refined TSC clocksource calibration: 2700.032 MHz
[    6.116656] clocksource: tsc: mask: 0xffffffffffffffff max_cycles: 0x26eb5c8f9ce, max_idle_ns: 440795216487 ns
[    6.287050] ata1: PATA max UDMA/33 cmd 0x1f0 ctl 0x3f6 bmdma 0xd000 irq 14
[    6.367366] ata2: PATA max UDMA/33 cmd 0x170 ctl 0x376 bmdma 0xd008 irq 15
[    6.438945] libphy: Fixed MDIO Bus: probed
[    6.451518] tun: Universal TUN/TAP device driver, 1.6
[    6.486798] tun: (C) 1999-2004 Max Krasnyansky <maxk@qualcomm.com>
[    6.498113] PPP generic driver version 2.4.2
[    6.499149] ehci_hcd: USB 2.0 'Enhanced' Host Controller (EHCI) Driver
[    6.500499] ehci-pci: EHCI PCI platform driver
[    6.501501] ehci-platform: EHCI generic platform driver
[    6.616817] ohci_hcd: USB 1.1 'Open' Host Controller (OHCI) Driver
[    6.618323] ohci-pci: OHCI PCI platform driver
[    6.648399] ohci-platform: OHCI generic platform driver
[    6.649599] uhci_hcd: USB Universal Host Controller Interface driver
[    6.651068] i8042: PNP: PS/2 Controller [PNP0303:PS2K,PNP0f03:PS2M] at 0x60,0x64 irq 1,12
[    6.653829] serio: i8042 KBD port at 0x60,0x64 irq 1
[    6.655171] serio: i8042 AUX port at 0x60,0x64 irq 12
[    6.657528] mousedev: PS/2 mouse device common for all mice
[    6.660706] input: AT Translated Set 2 keyboard as /devices/platform/i8042/serio0/input/input2
[    6.672491] rtc_cmos rtc_cmos: rtc core: registered rtc_cmos as rtc0
[    6.678945] rtc_cmos rtc_cmos: alarms up to one day, 114 bytes nvram
[    6.683285] i2c /dev entries driver
[    6.708971] device-mapper: uevent: version 1.0.3
[    6.746727] device-mapper: ioctl: 4.34.0-ioctl (2015-10-28) initialised: dm-devel@redhat.com
[    6.849291] ledtrig-cpu: registered to indicate activity on CPUs
[    6.855360] NET: Registered protocol family 10
[    6.869673] NET: Registered protocol family 17
[    6.916321] Key type dns_resolver registered
[    6.998565] microcode: CPU0 sig=0x306d4, pf=0x40, revision=0x0
[    7.006605] microcode: CPU1 sig=0x306d4, pf=0x40, revision=0x0
[    7.060828] microcode: Microcode Update Driver: v2.01 <tigran@aivazian.fsnet.co.uk>, Peter Oruba
[    7.151063] registered taskstats version 1
[    7.192905] Loading compiled-in X.509 certificates
[    7.228609] Loaded X.509 cert 'Build time autogenerated kernel key: aa84f01984fbd529c105810b59e379d349698248'
[    7.346921] zswap: loaded using pool lzo/zbud
[    7.391176] Key type trusted registered
[    7.441890] Key type encrypted registered
[    7.496544] AppArmor: AppArmor sha1 policy hashing enabled
[    7.541490] ima: No TPM chip found, activating TPM-bypass!
[    7.610031] evm: HMAC attrs: 0x1
[    7.627806]   Magic number: 10:433:165
[    7.714175] rtc_cmos rtc_cmos: setting system clock to 2018-03-16 06:10:49 UTC (1521180649)
[    7.780053] BIOS EDD facility v0.16 2004-Jun-25, 0 devices found
[    7.782827] EDD information not available.
[    7.786683] Freeing unused kernel memory: 1508K
[    7.789175] Write protecting the kernel read-only data: 14336k
[    7.791049] Freeing unused kernel memory: 1700K
[    7.798666] Freeing unused kernel memory: 104K
Loading, please wait...
starting version[    7.837437] random: systemd-udevd: uninitialized urandom read (16 bytes read, 7 bits of entropy available)
 229
[    7.838206] random: udevadm: uninitialized urandom read (16 bytes read, 7 bits of entropy available)
[    7.838241] random: udevadm: uninitialized urandom read (16 bytes read, 7 bits of entropy available)
[    7.854924] random: udevadm: uninitialized urandom read (16 bytes read, 7 bits of entropy available)
[    7.854992] random: udevadm: uninitialized urandom read (16 bytes read, 7 bits of entropy available)
[    7.855236] random: udevadm: uninitialized urandom read (16 bytes read, 7 bits of entropy available)
[    7.855341] random: udevadm: uninitialized urandom read (16 bytes read, 7 bits of entropy available)
[    7.855428] random: udevadm: uninitialized urandom read (16 bytes read, 7 bits of entropy available)
[    7.855517] random: udevadm: uninitialized urandom read (16 bytes read, 7 bits of entropy available)
[    7.855601] random: udevadm: uninitialized urandom read (16 bytes read, 7 bits of entropy available)
[    8.270452] Fusion MPT base driver 3.04.20
[    8.306907] Copyright (c) 1999-2008 LSI Corporation
[    8.322624] e1000: Intel(R) PRO/1000 Network Driver - version 7.3.21-k8-NAPI
[    8.332311] e1000: Copyright (c) 1999-2006 Intel Corporation.
[    8.362094] AVX version of gcm_enc/dec engaged.
[    8.370881] AES CTR mode by8 optimization enabled
[    8.379346] Fusion MPT SPI Host driver 3.04.20
[    8.555480] input: ImExPS/2 Generic Explorer Mouse as /devices/platform/i8042/serio1/input/input4
[    8.780133] e1000 0000:00:03.0 eth0: (PCI:33MHz:32-bit) 02:93:06:1c:a6:4f
[    8.863981] e1000 0000:00:03.0 eth0: Intel(R) PRO/1000 Network Connection
[    8.908641] e1000 0000:00:03.0 enp0s3: renamed from eth0
[    8.925162] mptbase: ioc0: Initiating bringup
[    8.998562] ioc0: LSI53C1030 A0: Capabilities={Initiator}
[    9.217837] scsi host2: ioc0: LSI53C1030 A0, FwRev=00000000h, Ports=1, MaxQ=256, IRQ=20
[    9.359136] scsi 2:0:0:0: Direct-Access     VBOX     HARDDISK         1.0  PQ: 0 ANSI: 5
[    9.416736] scsi target2:0:0: Beginning Domain Validation
[    9.471886] scsi target2:0:0: Domain Validation skipping write tests
[    9.528240] scsi target2:0:0: Ending Domain Validation
[    9.529538] scsi target2:0:0: asynchronous
[    9.575199] scsi 2:0:1:0: Direct-Access     VBOX     HARDDISK         1.0  PQ: 0 ANSI: 5
[    9.582989] scsi target2:0:1: Beginning Domain Validation
[    9.584934] scsi target2:0:1: Domain Validation skipping write tests
[    9.587560] scsi target2:0:1: Ending Domain Validation
[    9.599001] scsi target2:0:1: asynchronous
[    9.646900] sd 2:0:0:0: [sda] 20971520 512-byte logical blocks: (10.7 GB/10.0 GiB)
[    9.669830] sd 2:0:0:0: Attached scsi generic sg0 type 0
[    9.691821] sd 2:0:0:0: [sda] Write Protect is off
[    9.713414] sd 2:0:1:0: Attached scsi generic sg1 type 0
[    9.734814] sd 2:0:1:0: [sdb] 20480 512-byte logical blocks: (10.5 MB/10.0 MiB)
[    9.745737] sd 2:0:0:0: [sda] Incomplete mode parameter data
[    9.756136] sd 2:0:0:0: [sda] Assuming drive cache: write through
[    9.778196] sd 2:0:1:0: [sdb] Write Protect is off
[    9.790903] sd 2:0:1:0: [sdb] Incomplete mode parameter data
[    9.803503] sd 2:0:1:0: [sdb] Assuming drive cache: write through
[    9.809743]  sda: sda1
[    9.823681] sd 2:0:0:0: [sda] Attached SCSI disk
[    9.839734] sd 2:0:1:0: [sdb] Attached SCSI disk
[   11.354361] floppy0: no floppy controllers found
[   11.469969] work still pending
Begin: Loading essential drivers[   13.061306] md: linear personality registered for level -1
 ... [   13.086864] md: multipath personality registered for level -4
[   13.102768] md: raid0 personality registered for level 0
[   13.115608] md: raid1 personality registered for level 1
[   13.218010] raid6: sse2x1   gen()  5956 MB/s
[   13.310140] raid6: sse2x1   xor()  5924 MB/s
[   13.402091] raid6: sse2x2   gen() 10066 MB/s
[   13.494026] raid6: sse2x2   xor()  6045 MB/s
[   13.622226] raid6: sse2x4   gen()  8383 MB/s
[   13.742343] raid6: sse2x4   xor()  7018 MB/s
[   13.778365] raid6: using algorithm sse2x2 gen() 10066 MB/s
[   13.841094] raid6: .... xor() 6045 MB/s, rmw enabled
[   13.864605] raid6: using ssse3x2 recovery algorithm
[   13.909137] xor: automatically using best checksumming function:
[   13.958139]    avx       : 14647.000 MB/sec
[   13.972359] async_tx: api initialized (async)
[   14.003476] md: raid6 personality registered for level 6
[   14.029041] md: raid5 personality registered for level 5
[   14.039090] md: raid4 personality registered for level 4
[   14.073566] md: raid10 personality registered for level 10
done.
Begin: Running /scripts/init-premount ... done.
Begin: Mounting root file system ... Begin: Running /scripts/local-top ... done.
Begin: Running /scripts/loc[   14.147911] Btrfs loaded
al-premount ... Scanning for Btrfs filesystems
done.
Warning: fsck no[   14.198615] EXT4-fs (sda1): mounted filesystem with ordered data mode. Opts: (null)
t present, so skipping root file system
done.
Begin: Running /scripts/local-bottom ... done.
Begin: Running /scripts/init-bottom ... done.
[   14.412443] systemd[1]: systemd 229 running in system mode. (+PAM +AUDIT +SELINUX +IMA +APPARMOR +SMACK +SYSVINIT +UTMP +LIBCRYPTSETUP +GCRYPT +GNUTLS +ACL +XZ -LZ4 +SECCOMP +BLKID +ELFUTILS +KMOD -IDN)
[   14.431297] systemd[1]: Detected virtualization oracle.
[   14.432436] systemd[1]: Detected architecture x86-64.

Welcome to [1mUbuntu 16.04.3 LTS[0m!

[   14.508453] systemd[1]: Set hostname to <ubuntu-xenial>.
[   14.767772] systemd[1]: Created slice System Slice.
[[0;32m  OK  [0m] Created slice System Slice.
[   14.866659] systemd[1]: Created slice system-postgresql.slice.
[[0;32m  OK  [0m] Created slice system-postgresql.slice.
[   15.031179] systemd[1]: Created slice User and Session Slice.
[[0;32m  OK  [0m] Created slice User and Session Slice.
[   15.143417] systemd[1]: Started Trigger resolvconf update for networkd DNS.
[[0;32m  OK  [0m] Started Trigger resolvconf update for networkd DNS.
[   15.234544] systemd[1]: Set up automount Arbitrary Executable File Formats File System Automount Point.
[[0;32m  OK  [0m] Set up automount Arbitrary Executab...ats File System Automount Point.
[   15.338520] systemd[1]: Reached target Slices.
[[0;32m  OK  [0m] Reached target Slices.
[   15.386917] systemd[1]: Listening on Journal Socket (/dev/log).
[[0;32m  OK  [0m] Listening on Journal Socket (/dev/log).
[   15.490557] systemd[1]: Listening on Journal Audit Socket.
[[0;32m  OK  [0m] Listening on Journal Audit Socket.
[   15.585357] systemd[1]: Reached target User and Group Name Lookups.
[[0;32m  OK  [0m] Reached target User and Group Name Lookups.
[   15.621450] systemd[1]: Listening on udev Kernel Socket.
[[0;32m  OK  [0m] Listening on udev Kernel Socket.
[   15.659297] systemd[1]: Listening on /dev/initctl Compatibility Named Pipe.
[[0;32m  OK  [0m] Listening on /dev/initctl Compatibility Named Pipe.
[   15.730308] systemd[1]: Listening on LVM2 poll daemon socket.
[[0;32m  OK  [0m] Listening on LVM2 poll daemon socket.
[   15.791171] systemd[1]: Listening on Syslog Socket.
[[0;32m  OK  [0m] Listening on Syslog Socket.
[   15.851130] systemd[1]: Started Forward Password Requests to Wall Directory Watch.
[[0;32m  OK  [0m] Started Forward Password Requests to Wall Directory Watch.
[   15.970946] systemd[1]: Created slice system-serial\x2dgetty.slice.
[[0;32m  OK  [0m] Created slice system-serial\x2dgetty.slice.
[   16.128346] systemd[1]: Listening on Journal Socket.
[[0;32m  OK  [0m] Listening on Journal Socket.
[   16.202646] systemd[1]: Starting Uncomplicated firewall...
[   16.203781] random: nonblocking pool is initialized
         Starting Uncomplicated firewall...
[   16.354693] systemd[1]: Starting Nameserver information manager...
         Starting Nameserver information manager...
[   16.419828] systemd[1]: Starting Load Kernel Modules...
[   16.443783] Loading iSCSI transport class v2.0-870.
         Starting Load Kernel Mo[   16.488527] iscsi: registered transport (tcp)
dules...
[   16.576701] systemd[1]: Starting Journal Service...
         Startin[   16.589579] iscsi: registered transport (iser)
g Journal Service...
[   16.655133] systemd[1]: Starting Remount Root and Kernel File Systems...
[   16.663138] EXT4-fs (sda1): re-mounted. Opts: (null)
         Starting Remount Root and Kernel File Systems...
[   16.842539] systemd[1]: Starting Create list of required static device nodes for the current kernel...
         Starting Create list of required st... nodes for the current kernel...
[   16.942576] systemd[1]: Starting Set console keymap...
         Starting Set console keymap...
[   17.026472] systemd[1]: Reached target Swap.
[[0;32m  OK  [0m] Reached target Swap.
[   17.038343] systemd[1]: Listening on LVM2 metadata daemon socket.
[[0;32m  OK  [0m] Listening on LVM2 metadata daemon socket.
[   17.054858] systemd[1]: Listening on udev Control Socket.
[[0;32m  OK  [0m] Listening on udev Control Socket.
[   17.074498] systemd[1]: Mounting Huge Pages File System...
         Mounting Huge Pages File System...
[   17.130390] systemd[1]: Mounting Debug File System...
         Mounting Debug File System...
[   17.202520] systemd[1]: Mounting POSIX Message Queue File System...
         Mounting POSIX Message Queue File System...
[   17.314988] systemd[1]: Listening on Device-mapper event daemon FIFOs.
[[0;32m  OK  [0m] Listening on Device-mapper event daemon FIFOs.
[   17.443592] systemd[1]: Starting Monitoring of LVM2 mirrors, snapshots etc. using dmeventd or progress polling...
         Starting Monitoring of LVM2 mirrors... dmeventd or progress polling...
[   17.595472] systemd[1]: Reached target Encrypted Volumes.
[[0;32m  OK  [0m] Reached target Encrypted Volumes.
[   17.695785] systemd[1]: Mounted Huge Pages File System.
[[0;32m  OK  [0m] Mounted Huge Pages File System.
[   17.774564] systemd[1]: Mounted Debug File System.
[[0;32m  OK  [0m] Mounted Debug File System.
[   17.883094] systemd[1]: Mounted POSIX Message Queue File System.
[[0;32m  OK  [0m] Mounted POSIX Message Queue File System.
[   18.014591] systemd[1]: Started Journal Service.
[[0;32m  OK  [0m] Started Journal Service.
[[0;32m  OK  [0m] Started Uncomplicated firewall.
[[0;32m  OK  [0m] Started Load Kernel Modules.
[[0;32m  OK  [0m] Started Remount Root and Kernel File Systems.
[[0;32m  OK  [0m] Started Create list of required sta...ce nodes for the current kernel.
[[0;32m  OK  [0m] Started Set console keymap.
[[0;32m  OK  [0m] Started Nameserver information manager.
[[0;32m  OK  [0m] Started LVM2 metadata daemon.
         Starting Create Static Device Nodes in /dev...
         Starting udev Coldplug all Devices...
         Starting Load/Save Random Seed...
         Starting Initial cloud-init job (pre-networking)...
         Starting Apply Kernel Variables...
         Mounting FUSE Control File System...
         Starting Flush Journal to Persistent Storage...
[[0;32m  OK  [0m] Mounted FUSE Control File System.
[[0;32m  OK  [0m] Started Monitoring of LVM2 mirrors,...ng dmeventd or progress polling.
[[0;32m  OK  [0m] Started Create Static Device Nodes in /dev.
[[0;32m  OK  [0m] Started Load/Save Random Seed.
[[0;32m  OK  [0m] Started Apply Kernel Variables.
[[0;32m  OK  [0m] Started udev Coldplug all Devices.
[[0;32m  OK  [0m] Started Flush Journal to Persistent Storage.
         Starting udev Kernel Device Manager...
[[0;32m  OK  [0m] Started udev Kernel Device Manager.
[[0;32m  OK  [0m] Started Dispatch Password Requests to Console Directory Watch.
[[0;32m  OK  [0m] Reached target Local File Systems (Pre).
[[0;32m  OK  [0m] Reached target Local File Systems.
         Starting Tell Plymouth To Write Out Runtime Data...
         Starting Set console font and keymap...
         Starting LSB: AppArmor initialization...
         Starting Create Volatile Files and Directories...
[[0;32m  OK  [0m] Started Tell Plymouth To Write Out Runtime Data.
[[0;32m  OK  [0m] Started Create Volatile Files and Directories.
[[0;32m  OK  [0m] Found device /dev/ttyS0.
         Starting Update UTMP about System Boot/Shutdown...
[   16.684012] cloud-init[464]: Cloud-init v. 17.1 running 'init-local' at Fri, 16 Mar 2018 06:11:01 +0000. Up 16.16 seconds.
[[0;32m  OK  [0m] Reached target System Time Synchronized.
[[0;32m  OK  [0m] Started LSB: AppArmor initialization.
[[0;32m  OK  [0m] Started Update UTMP about System Boot/Shutdown.
[[0;32m  OK  [0m] Listening on Load/Save RF Kill Switch Status /dev/rfkill Watch.
[[0;32m  OK  [0m] Started Set console font and keymap.
[[0;32m  OK  [0m] Started Initial cloud-init job (pre-networking).
[[0;32m  OK  [0m] Reached target Network (Pre).
         Starting Raise network interfaces...
[[0;32m  OK  [0m] Started ifup for enp0s3.
[[0;32m  OK  [0m] Created slice system-getty.slice.
[[0;32m  OK  [0m] Found device 82540EM Gigabit Ethern...r (PRO/1000 MT Desktop Adapter).
[[0;32m  OK  [0m] Started Raise network interfaces.
         Starting Initial cloud-init job (metadata service crawler)...
[[0;32m  OK  [0m] Reached target Network.
[   19.890498] cloud-init[961]: Cloud-init v. 17.1 running 'init' at Fri, 16 Mar 2018 06:11:04 +0000. Up 19.55 seconds.
[   19.956726] [cloud-init[0;32m  OK  [0m[961]: ] ci-info: +++++++++++++++++++++++++++++++++++++Net device info+++++++++++++++++++++++++++++++++++++Started Initial cloud-init job (metadata service crawler).

[   19.957673] cloud-init[961]: [[0;32m  OK  [0m] Reached target System Initialization.
[[0;32m  OK  [0m] Listening on D-Bus System Message Bus Socket.
         Starting Socket activation for snappy daemon.
ci-info: +--------+------+---------------------------+---------------+-------+-------------------+
[   20.154274]          Starting LXD - unix socket.
[cloud-init[0;32m  OK  [0m[961]: ] ci-info: | Device |  Up  |          Address          |      Mask     | Scope |     Hw-Address    |Listening on UUID daemon activation socket.

[   20.244793] [[0;32m  OK  [0m] Started Daily Cleanup of Temporary Directories.
[[0;32m  OK  [0mcloud-init] [961]: Listening on ACPID Listen Socket.ci-info: +--------+------+---------------------------+---------------+-------+-------------------+

[   20.263403] cloud-init[961]: ci-info: | enp0s3 | True |         10.0.2.15         | 255.255.255.0 |   .   | 02:93:06:1c:a6:4f |
[[0;32m  OK  [0m] Started ACPI Events Check.
[   20.264418] [cloud-init[0;32m  OK  [0m[961]: ] ci-info: | enp0s3 | True | fe80::93:6ff:fe1c:a64f/64 |       .       |  link | 02:93:06:1c:a6:4f |Reached target Paths.

[   20.405205] [[0;32m  OK  [0m] Started Timer to automatically refresh installed snaps.
[[0;32m  OK  [0m] Reached target Network is Online.
[[0;32m  OK  [0m] Started Daily apt download activities.
[[0;32m  OK  [0m] Started Daily apt upgrade and clean activities.
[[0;32m  OK  [0m] Reached target Timers.
cloud-init[961]: ci-info: |   lo   | True |         127.0.0.1         |   255.0.0.0   |   .   |         .         |
[   20.472797]          Starting iSCSI initiator daemon (iscsid)...
[[0;32m  OK  [0m] Reached target Cloud-config availability.
[[0;32m  OK  [0m] Listening on Socket activation for snappy daemon.
[[0;32m  OK  [0m] Listening on LXD - unix socket.
cloud-init[961]: ci-info: |   lo   | True |          ::1/128          |       .       |  host |         .         |
[   20.546340] cloud-init[961]: ci-info: +--------+------+---------------------------+---------------+-------+-------------------+
[   20.629170] cloud-init[961]: ci-info: +++++++++++++++++++++++++++Route IPv4 info++++++++++++++++++++++++++++
[[0;32m  OK  [0m] Reached target Sockets.
[[0;32m  OK  [0m] Reached target Basic System.
[   20.695847] cloud-init[961]: ci-info: +-------+-------------+----------+---------------+-----------+-------+
         Starting LSB: Record successful boot for GRUB...
[   20.827084] cloud-init[961]: ci-info: | Route | Destination | Gateway  |    Genmask    | Interface | Flags |
[   20.913160] cloud-init[961]: ci-info: +-------+-------------+----------+---------------+-----------+-------+
[   20.964827] cloud-init[961]: ci-info: |   0   |   0.0.0.0   | 10.0.2.2 |    0.0.0.0    |   enp0s3  |   UG  |
         Starting Login Service...
[   21.022017] cloud-init[961]: ci-info: |   1   |   10.0.2.0  | 0.0.0.0  | 255.255.255.0 |   enp0s3  |   U   |
[   21.128781] cloud-init[961]: ci-info: +-------+-------------+----------+---------------+-----------+-------+
         Starting Apply the settings specified in cloud-config...
[[0;32m  OK  [0m] Started Unattended Upgrades Shutdown.
         Starting System Logging Service...
[[0;32m  OK  [0m] Started Regular background program processing daemon.
[[0;32m  OK  [0m] Started Deferred execution scheduler.
         Starting /etc/rc.local Compatibility...
[[0;32m  OK  [0m] Started D-Bus System Message Bus.
[   21.547536] cloud-init[1025]: Cloud-init v. 17.1 running 'modules:config' at Fri, 16 Mar 2018 06:11:06 +0000. Up 21.34 seconds.
         Starting PostgreSQL Cluster 9.5-main...
         Starting LSB: MD monitoring daemon...
[[0;32m  OK  [0m] Started ACPI event daemon.
[[0;32m  OK  [0m] Started FUSE filesystem for LXC.
         Starting LXD - container startup/shutdown...
         Starting Accounts Service...
         Starting OpenBSD Secure Shell server...
         Starting Snappy daemon...
[[0;32m  OK  [0m] Started System Logging Service.
[[0;32m  OK  [0m] Started OpenBSD Secure Shell server.
[[0;32m  OK  [0m] Started iSCSI initiator daemon (iscsid).
[[0;32m  OK  [0m] Started Apply the settings specified in cloud-config.
[[0;32m  OK  [0m] Started /etc/rc.local Compatibility.
[[0;32m  OK  [0m] Started LXD - container startup/shutdown.
[[0;32m  OK  [0m] Started Snappy daemon.
[[0;32m  OK  [0m] Started LSB: Record successful boot for GRUB.
[[0;32m  OK  [0m] Started Login Service.
[[0;32m  OK  [0m] Started LSB: MD monitoring daemon.
         Starting Authenticate and Authorize Users to Run Privileged Tasks...
         Starting Login to default iSCSI targets...
[[0;32m  OK  [0m] Started Authenticate and Authorize Users to Run Privileged Tasks.
[[0;32m  OK  [0m] Started Accounts Service.
[[0;32m  OK  [0m] Started Login to default iSCSI targets.
[[0;32m  OK  [0m] Reached target Remote File Systems (Pre).
[[0;32m  OK  [0m] Reached target Remote File Systems.
         Starting LSB: daemon to balance interrupts for SMP systems...
         Starting LSB: Set the CPU Frequency Scaling governor to "ondemand"...
         Starting LSB: Start/stop sysstat's sadc...
         Starting Permit User Sessions...
         Starting LSB: automatic crash report generation...
         Starting LSB: VirtualBox Linux Additions...
[[0;32m  OK  [0m] Started Permit User Sessions.
[[0;32m  OK  [0m] Started LSB: Set the CPU Frequency Scaling governor to "ondemand".
[[0;32m  OK  [0m] Started LSB: daemon to balance interrupts for SMP systems.
[[0;32m  OK  [0m] Started LSB: Start/stop sysstat's sadc.
         Starting Terminate Plymouth Boot Screen...
         Starting Hold until boot process finishes up...
[[0;32m  OK  [0m] Started LSB: automatic crash report generation.
[[0;32m  OK  [0m] Started LSB: VirtualBox Linux Additions.
[[0;32m  OK  [0m] Started Terminate Plymouth Boot Screen.
[[0;32m  OK  [0m] Started Hold until boot process finishes up.
[[0;32m  OK  [0m] Started Serial Getty on ttyS0.
[[0;32m  OK  [0m] Started Getty on tty1.
[[0;32m  OK  [0m] Reached target Login Prompts.
         Starting Set console scheme...
[[0;32m  OK  [0m] Started Set console scheme.
[[0;32m  OK  [0m] Started PostgreSQL Cluster 9.5-main.
         Starting PostgreSQL RDBMS...
[[0;32m  OK  [0m] Started PostgreSQL RDBMS.
[[0;32m  OK  [0m] Reached target Multi-User System.
[[0;32m  OK  [0m] Reached target Graphical Interface.
         Starting Execute cloud user/final scripts...
         Starting Update UTMP about System Runlevel Changes...
[[0;32m  OK  [0m] Started Update UTMP about System Runlevel Changes.
[   24.444611] cloud-init[1220]: Cloud-init v. 17.1 running 'modules:final' at Fri, 16 Mar 2018 06:11:09 +0000. Up 24.32 seconds.
[   24.475874] cloud-init[1220]: Cloud-init v. 17.1 finished at Fri, 16 Mar 2018 06:11:09 +0000. Datasource DataSourceNoCloud [seed=/dev/sdb][dsmode=net].  Up 24.43 seconds
[[0;32m  OK  [0m] Started Execute cloud user/final scripts.
[[0;32m  OK  [0m] Reached target Cloud-init target.
         Starting Daily apt download activities...
[[0;32m  OK  [0m] Created slice User Slice of ubuntu.
         Starting User Manager for UID 1000...
[[0;32m  OK  [0m] Started User Manager for UID 1000.
[[0;32m  OK  [0m] Started Session 1 of user ubuntu.
         Stopping User Manager for UID 1000...
[[0;32m  OK  [0m] Stopped User Manager for UID 1000.
[[0;32m  OK  [0m] Removed slice User Slice of ubuntu.

Ubuntu 16.04.3 LTS ubuntu-xenial ttyS0

ubuntu-xenial login: [[0;32m  OK  [0m] Stopped target Cloud-init target.
[[0;32m  OK  [0m] Stopped Execute cloud user/final scripts.
         Stopping Session 92 of user ubuntu.
[[0;32m  OK  [0m] Stopped target Graphical Interface.
         Stopping Accounts Service...
K[[0;32m  OK  [0m] Unmounted /var/lib/lxcfs.
[[0;32m  OK  [0m] Stopped System Logging Service.
[[0;32m  OK  [0m] Stopped Regular background program processing daemon.
[[0;32m  OK  [0m] Stopped Deferred execution scheduler.
[[0;32m  OK  [0m] Stopped ACPI event daemon.
[[0;32m  OK  [0m] Stopped Accounts Service.
[[0;32m  OK  [0m] Stopped OpenBSD Secure Shell server.
[[0;32m  OK  [0m] Stopped Snappy daemon.
[[0;32m  OK  [0m] Stopped Authenticate and Authorize Users to Run Privileged Tasks.
[[0;32m  OK  [0m] Stopped Serial Getty on ttyS0.
[[0;32m  OK  [0m] Stopped Getty on tty1.
[[0;32m  OK  [0m] Stopped User Manager for UID 1000.
[[0;32m  OK  [0m] Stopped Session 92 of user ubuntu.
[[0;32m  OK  [0m] Stopped Unattended Upgrades Shutdown.
[[0;32m  OK  [0m] Stopped D-Bus System Message Bus.
[[0;32m  OK  [0m] Stopped FUSE filesystem for LXC.
[[0;32m  OK  [0m] Stopped LXD - container startup/shutdown.
[[0;32m  OK  [0m] Stopped LSB: Start/stop sysstat's sadc.
[[0;32m  OK  [0m] Stopped LSB: MD monitoring daemon.
[[0;32m  OK  [0m] Stopped LSB: VirtualBox Linux Additions.
[[0;32m  OK  [0m] Stopped LSB: Record successful boot for GRUB.
[[0;32m  OK  [0m] Stopped LSB: daemon to balance interrupts for SMP systems.
[[0;32m  OK  [0m] Stopped LSB: Set the CPU Frequency Scaling governor to "ondemand".
[[0;32m  OK  [0m] Stopped LSB: automatic crash report generation.
[[0;32m  OK  [0m] Removed slice User Slice of ubuntu.
         Stopping Login Service...
[[0;32m  OK  [0m] Removed slice system-getty.slice.
         Stopping Permit User Sessions...
[[0;32m  OK  [0m] Removed slice system-serial\x2dgetty.slice.
[[0;32m  OK  [0m] Stopped /etc/rc.local Compatibility.
[[0;32m  OK  [0m] Stopped Login Service.
[[0;32m  OK  [0m] Stopped Permit User Sessions.
[[0;32m  OK  [0m] Stopped target Remote File Systems.
[[0;32m  OK  [0m] Stopped target Remote File Systems (Pre).
         Stopping Login to default iSCSI targets...
[[0;32m  OK  [0m] Stopped target User and Group Name Lookups.
[[0;32m  OK  [0m] Stopped PostgreSQL Cluster 9.5-main.
[[0;32m  OK  [0m] Stopped Login to default iSCSI targets.
         Stopping iSCSI initiator daemon (iscsid)...
[[0;32m  OK  [0m] Removed slice system-postgresql.slice.
[[0;32m  OK  [0m] Stopped target Basic System.
[[0;32m  OK  [0m] Stopped target Sockets.
[[0;32m  OK  [0m] Closed Syslog Socket.
[[0;32m  OK  [0m] Closed Socket activation for snappy daemon.
[[0;32m  OK  [0m] Closed UUID daemon activation socket.
[[0;32m  OK  [0m] Closed D-Bus System Message Bus Socket.
[[0;32m  OK  [0m] Closed LXD - unix socket.
[[0;32m  OK  [0m] Closed ACPID Listen Socket.
[[0;32m  OK  [0m] Stopped target Paths.
[[0;32m  OK  [0m] Stopped Dispatch Password Requests to Console Directory Watch.
[[0;32m  OK  [0m] Stopped Forward Password Requests to Wall Directory Watch.
[[0;32m  OK  [0m] Stopped ACPI Events Check.
[[0;32m  OK  [0m] Stopped target Slices.
[[0;32m  OK  [0m] Removed slice User and Session Slice.
[[0;32m  OK  [0m] Stopped target System Initialization.
[[0;32m  OK  [0m] Stopped target Encrypted Volumes.
         Stopping Load/Save Random Seed...
[[0;32m  OK  [0m] Stopped Create Volatile Files and Directories.
[[0;32m  OK  [0m] Stopped target Swap.
[[0;32m  OK  [0m] Stopped iSCSI initiator daemon (iscsid).
[[0;32m  OK  [0m] Stopped Load/Save Random Seed.
[[0;32m  OK  [0m] Stopped target Network is Online.
[[0;32m  OK  [0m] Stopped Initial cloud-init job (metadata service crawler).
[[0;32m  OK  [0m] Stopped target Network.
         Stopping Raise network interfaces...
[[0;32m  OK  [0m] Stopped Raise network interfaces.
[[0;32m  OK  [0m] Stopped target Network (Pre).
[[0;32m  OK  [0m] Stopped Initial cloud-init job (pre-networking).
[[0;32m  OK  [0m] Stopped target Local File Systems.
         Unmounting /vagrant...
         Unmounting /run/user/1000...
         Unmounting /home/ubuntu/workspace...
[[0;32m  OK  [0m] Stopped Apply Kernel Variables.
[[0;32m  OK  [0m] Stopped Load Kernel Modules.
[[0;32m  OK  [0m] Unmounted /vagrant.
[[0;32m  OK  [0m] Unmounted /run/user/1000.
[[0;32m  OK  [0m] Unmounted /home/ubuntu/workspace.
[[0;32m  OK  [0m] Reached target Unmount All Filesystems.
[[0;32m  OK  [0m] Stopped target Local File Systems (Pre).
[[0;32m  OK  [0m] Stopped Create Static Device Nodes in /dev.
[[0;32m  OK  [0m] Stopped Remount Root and Kernel File Systems.
[[0;32m  OK  [0m] Reached target Shutdown.
[34619.259417] reboot: Power down
